{
  "data": {
    "getHuffmanEncoding": {
      "getHuffmanEncodingResponse": "abc",
      "huffmanCodes": [
        {
          "character": "a",
          "code": "10"
        },
        {
          "character": "b",
          "code": "11"
        },
        {
          "character": "c",
          "code": "0"
        }
      ]
    }
  }
}